// Jest Snapshot v1, https://goo.gl/fbAQLP

exports[`PhoneListContainer renders the component 1`] = `
<div
  className="phone-list-container"
>
  <Grid>
    <GridColumn
      key="1"
      largeScreen={5}
      mobile={16}
      widescreen={4}
    >
      <Link
        replace={false}
        to="/detail/1"
      >
        <Segment
          className="phone-card"
        >
          <Image
            as="img"
            className="card-image"
            src="https://cdn2.gsmarena.com/vv/pics/xiaomi/xiaomi-redmi-5-plus-1.jpg"
            ui={true}
          />
          <div
            className="card-text"
          >
            <Header
              as="h3"
            >
              Xiaomi Redmi 5 Plus
            </Header>
            <p>
              181
               €
            </p>
            <Header
              as="h4"
              className="card-details"
            >
              View details
              <Icon
                as="i"
                name="angle right"
              />
            </Header>
          </div>
        </Segment>
      </Link>
    </GridColumn>
    <GridColumn
      key="1"
      largeScreen={5}
      mobile={16}
      widescreen={4}
    >
      <Link
        replace={false}
        to="/detail/1"
      >
        <Segment
          className="phone-card"
        >
          <Image
            as="img"
            className="card-image"
            src="https://cdn2.gsmarena.com/vv/pics/xiaomi/xiaomi-redmi-5-plus-1.jpg"
            ui={true}
          />
          <div
            className="card-text"
          >
            <Header
              as="h3"
            >
              Xiaomi Redmi 5 Plus
            </Header>
            <p>
              181
               €
            </p>
            <Header
              as="h4"
              className="card-details"
            >
              View details
              <Icon
                as="i"
                name="angle right"
              />
            </Header>
          </div>
        </Segment>
      </Link>
    </GridColumn>
  </Grid>
</div>
`;
